// Vitest Snapshot v1, https://vitest.dev/guide/snapshot.html

exports[`App tests > should render default App component 1`] = `
<DocumentFragment>
  <div
    class="pf-v6-c-page"
  >
    <div
      class="pf-v6-c-skip-to-content"
    >
      <a
        class="pf-v6-c-button pf-m-primary"
        data-ouia-component-id="OUIA-Generated-Button-primary-1"
        data-ouia-component-type="PF6/Button"
        data-ouia-safe="true"
        href="#primary-app-container"
      >
        <span
          class="pf-v6-c-button__text"
        >
          Skip to Content
        </span>
      </a>
    </div>
    <header
      class="pf-v6-c-masthead pf-m-display-inline-on-md"
    >
      <div
        class="pf-v6-c-masthead__main"
      >
        <span
          class="pf-v6-c-masthead__toggle"
        >
          <button
            aria-label="Global navigation"
            class="pf-v6-c-button pf-m-plain"
            data-ouia-component-id="OUIA-Generated-Button-plain-1"
            data-ouia-component-type="PF6/Button"
            data-ouia-safe="true"
            type="button"
          >
            <span
              class="pf-v6-c-button__icon"
            >
              <svg
                aria-hidden="true"
                class="pf-v6-svg"
                fill="currentColor"
                height="1em"
                role="img"
                viewBox="0 0 448 512"
                width="1em"
              >
                <path
                  d="M16 132h416c8.837 0 16-7.163 16-16V76c0-8.837-7.163-16-16-16H16C7.163 60 0 67.163 0 76v40c0 8.837 7.163 16 16 16zm0 160h416c8.837 0 16-7.163 16-16v-40c0-8.837-7.163-16-16-16H16c-8.837 0-16 7.163-16 16v40c0 8.837 7.163 16 16 16zm0 160h416c8.837 0 16-7.163 16-16v-40c0-8.837-7.163-16-16-16H16c-8.837 0-16 7.163-16 16v40c0 8.837 7.163 16 16 16z"
                />
              </svg>
            </span>
          </button>
        </span>
        <div
          class="pf-v6-c-masthead__brand"
          data-codemods="true"
        >
          <span
            class="pf-v6-c-masthead__logo"
            data-codemods="true"
          >
            <div
              style="display: flex; align-items: center; gap: 12px;"
            >
              <img
                alt="AI Chatbot Logo"
                src="/src/app/bgimages/ai-logo-transparent.svg"
                style="height: 60px; max-width: 200px;"
              />
              <span
                style="font-size: 1.5rem; font-weight: bold; color: var(--pf-t--global--text--color--regular);"
              >
                Chat
              </span>
            </div>
          </span>
        </div>
      </div>
    </header>
    <div
      aria-hidden="false"
      class="pf-v6-c-page__sidebar pf-m-expanded"
      id="page-sidebar"
    >
      <div
        class="pf-v6-c-page__sidebar-body"
      >
        <nav
          aria-label="Global"
          class="pf-v6-c-nav"
          data-ouia-component-id="OUIA-Generated-Nav-1"
          data-ouia-component-type="PF6/Nav"
          data-ouia-safe="true"
          id="nav-primary-simple"
        >
          <ul
            class="pf-v6-c-nav__list"
            id="nav-list-simple"
            role="list"
          >
            <li
              class="pf-v6-c-nav__item"
              data-ouia-component-id="OUIA-Generated-NavItem-1"
              data-ouia-component-type="PF6/NavItem"
              data-ouia-safe="true"
            >
              <a
                aria-current="page"
                class="pf-v6-c-nav__link pf-m-current active"
                href="/"
              >
                Chat
              </a>
            </li>
            <li
              class="pf-v6-c-nav__item"
              data-ouia-component-id="OUIA-Generated-NavExpandable-1"
              data-ouia-component-type="PF6/NavExpandable"
              data-ouia-safe="true"
            >
              <button
                aria-expanded="false"
                class="pf-v6-c-nav__link"
                id="Settings-2"
              >
                Settings
                <span
                  class="pf-v6-c-nav__toggle"
                >
                  <span
                    class="pf-v6-c-nav__toggle-icon"
                  >
                    <svg
                      aria-hidden="true"
                      class="pf-v6-svg"
                      fill="currentColor"
                      height="1em"
                      role="img"
                      viewBox="0 0 256 512"
                      width="1em"
                    >
                      <path
                        d="M224.3 273l-136 136c-9.4 9.4-24.6 9.4-33.9 0l-22.6-22.6c-9.4-9.4-9.4-24.6 0-33.9l96.4-96.4-96.4-96.4c-9.4-9.4-9.4-24.6 0-33.9L54.3 103c9.4-9.4 24.6-9.4 33.9 0l136 136c9.5 9.4 9.5 24.6.1 34z"
                      />
                    </svg>
                  </span>
                </span>
              </button>
              <section
                aria-labelledby="Settings-2"
                class="pf-v6-c-nav__subnav"
                hidden=""
              >
                <ul
                  class="pf-v6-c-nav__list"
                  role="list"
                >
                  <li
                    class="pf-v6-c-nav__item"
                    data-ouia-component-id="OUIA-Generated-NavItem-2"
                    data-ouia-component-type="PF6/NavItem"
                    data-ouia-safe="true"
                  >
                    <a
                      class="pf-v6-c-nav__link"
                      href="/settings/general"
                    >
                      General
                    </a>
                  </li>
                  <li
                    class="pf-v6-c-nav__item"
                    data-ouia-component-id="OUIA-Generated-NavItem-3"
                    data-ouia-component-type="PF6/NavItem"
                    data-ouia-safe="true"
                  >
                    <a
                      class="pf-v6-c-nav__link"
                      href="/settings/profile"
                    >
                      Profile
                    </a>
                  </li>
                </ul>
              </section>
            </li>
          </ul>
        </nav>
      </div>
    </div>
    <div
      class="pf-v6-c-page__main-container"
    >
      <main
        class="pf-v6-c-page__main"
        id="primary-app-container"
        tabindex="-1"
      >
        <section
          class="pf-v6-c-page__main-section"
        >
          <div
            class="pf-v6-c-card"
            data-ouia-component-id="OUIA-Generated-Card-1"
            data-ouia-component-type="PF6/Card"
            data-ouia-safe="true"
            id=""
            style="height: 600px; display: flex; flex-direction: column;"
          >
            <div
              class="pf-v6-c-card__header"
            >
              <div
                class="pf-v6-c-card__header-main"
              >
                <div
                  style="display: flex; justify-content: space-between; align-items: center;"
                >
                  <div
                    class="pf-v6-c-card__title"
                  >
                    <div
                      class="pf-v6-c-card__title-text"
                    >
                      Chat
                    </div>
                  </div>
                  <label
                    class="pf-v6-c-switch"
                    data-ouia-component-id="OUIA-Generated-Switch-1"
                    data-ouia-component-type="PF6/Switch"
                    data-ouia-safe="true"
                    for="streaming-mode"
                  >
                    <input
                      aria-labelledby="streaming-mode-label"
                      class="pf-v6-c-switch__input"
                      id="streaming-mode"
                      role="switch"
                      type="checkbox"
                    />
                    <span
                      class="pf-v6-c-switch__toggle"
                    />
                    <span
                      aria-hidden="true"
                      class="pf-v6-c-switch__label"
                      id="streaming-mode-label"
                    >
                      Streaming mode
                    </span>
                  </label>
                </div>
              </div>
            </div>
            <div
              class="pf-v6-c-card__body"
              style="flex: 1 1 0%; overflow: auto; padding: 16px;"
            >
              <div
                class="pf-v6-l-stack pf-m-gutter"
              >
                <div
                  class="pf-v6-l-stack__item"
                >
                  <div
                    style="display: flex; justify-content: flex-start; margin-bottom: 8px;"
                  >
                    <div
                      style="max-width: 70%; padding: 12px; border-radius: 8px; background-color: rgb(245, 245, 245); color: black;"
                    >
                      <div>
                        <p
                          style="margin: 0px;"
                        >
                          Hello! How can I help you today?
                        </p>
                        <small
                          style="opacity: 0.7; margin-top: 4px; color: rgb(102, 102, 102); display: block;"
                        >
                          5:21:43 PM
                        </small>
                      </div>
                    </div>
                  </div>
                </div>
              </div>
            </div>
            <div
              style="padding: 16px; border-top: 1px solid rgb(210, 210, 210);"
            >
              <form
                class="pf-v6-c-form"
                novalidate=""
              >
                <div
                  class="pf-v6-c-form__group"
                >
                  <div
                    class="pf-v6-c-form__group-control"
                  >
                    <div
                      style="display: flex; gap: 8px;"
                    >
                      <span
                        class="pf-v6-c-form-control pf-m-textarea pf-m-resize-both"
                      >
                        <textarea
                          aria-invalid="false"
                          id="message-input"
                          placeholder="Type your message..."
                          rows="2"
                          style="flex: 1 1 0%;"
                        />
                      </span>
                      <button
                        class="pf-v6-c-button pf-m-primary pf-m-progress"
                        data-ouia-component-id="OUIA-Generated-Button-primary-2"
                        data-ouia-component-type="PF6/Button"
                        data-ouia-safe="true"
                        disabled=""
                        type="button"
                      >
                        <span
                          class="pf-v6-c-button__icon pf-m-start"
                        >
                          <svg
                            aria-hidden="true"
                            class="pf-v6-svg"
                            fill="currentColor"
                            height="1em"
                            role="img"
                            viewBox="0 0 512 512"
                            width="1em"
                          >
                            <path
                              d="M476 3.2L12.5 270.6c-18.1 10.4-15.8 35.6 2.2 43.2L121 358.4l287.3-253.2c5.5-4.9 13.3 2.6 8.6 8.3L176 407v80.5c0 23.6 28.5 32.9 42.5 15.8L282 426l124.6 52.2c14.2 6 30.4-2.9 33-18.2l72-432C515 7.8 493.3-6.8 476 3.2z"
                            />
                          </svg>
                        </span>
                        <span
                          class="pf-v6-c-button__text"
                        >
                          Send
                        </span>
                      </button>
                    </div>
                  </div>
                </div>
              </form>
            </div>
          </div>
        </section>
      </main>
    </div>
  </div>
</DocumentFragment>
`;
